2026-09-06 17:00:59,382 - INFO - Starting the Script
2026-09-06 17:00:59,382 - INFO - Creating a Token for Adding the LDAP Entities on Fortify SSC
2026-09-06 17:01:02,878 - INFO - API Request was successfull!
2026-09-06 17:01:02,880 - INFO - ('Result from the token creation query: %s', '{"data":{"id":3,"token":"MWY4NGNkMjEtMjI1OC00YzVjLTkwN2ItMGM3NWY2NzBmYTk5","creationDate":"2026-09-06T20:01:02.843+00:00","terminalDate":"2026-09-07T20:01:02.843+00:00","remainingUsages":-1,"type":"UnifiedLoginToken","description":"2026-09-06 17:00:59","username":"admin","_href":"https://ssc.fortifynacho.com.ar:8443/ssc/api/v1/tokens/3"},"responseCode":201}')
2026-09-06 17:01:02,881 - INFO - UnifiedLoginToken was successfully created: MWY4NGNkMjEtMjI1OC00YzVjLTkwN2ItMGM3NWY2NzBmYTk5
2026-09-06 17:01:02,881 - INFO - Adding the LDAP Entites on Fortify SSC
2026-09-06 17:01:03,355 - ERROR - API Request has failed!
2026-09-06 17:01:03,357 - ERROR - Failed to create the entity 'iperez' with the type 'USER'
2026-09-06 17:01:03,495 - ERROR - API Request has failed!
2026-09-06 17:01:03,495 - ERROR - Failed to create the entity 'azuredevopsuser' with the type 'USER'
2026-09-06 17:01:03,653 - ERROR - API Request has failed!
2026-09-06 17:01:03,655 - ERROR - Failed to create the entity 'jenkinsuser' with the type 'USER'
2026-09-06 17:01:03,820 - ERROR - API Request has failed!
2026-09-06 17:01:03,821 - ERROR - Failed to create the entity 'gitlabsuser' with the type 'USER'
2026-09-06 17:01:03,976 - ERROR - API Request has failed!
2026-09-06 17:01:03,977 - ERROR - Failed to create the entity 'githubactionsuser' with the type 'USER'
2026-09-06 17:01:04,146 - ERROR - API Request has failed!
2026-09-06 17:01:04,146 - ERROR - Failed to create the entity 'bitbucketuser' with the type 'USER'
2026-09-06 17:01:04,312 - ERROR - API Request has failed!
2026-09-06 17:01:04,314 - ERROR - Failed to create the entity 'bamboouser' with the type 'USER'
2026-09-06 17:01:04,514 - ERROR - API Request has failed!
2026-09-06 17:01:04,516 - ERROR - Failed to create the entity 'support' with the type 'GROUP'
2026-09-06 17:01:04,708 - ERROR - API Request has failed!
2026-09-06 17:01:04,711 - ERROR - Failed to create the entity 'service' with the type 'GROUP'
2026-09-06 17:01:04,712 - INFO - Deleting the token created before
2026-09-06 17:01:08,169 - INFO - API Request was successfull!
2026-09-06 17:01:08,172 - INFO - ('Result from the token deletion query: %s', '{"responseCode":200}')
2026-09-06 17:01:08,172 - INFO - The token with ID '3' was successfully deleted!
2026-09-06 17:02:15,614 - INFO - Starting the Script
2026-09-06 17:02:15,615 - INFO - Creating a Token for Adding the LDAP Entities on Fortify SSC
2026-09-06 17:02:19,088 - INFO - API Request was successfull!
2026-09-06 17:02:19,091 - INFO - ('Result from the token creation query: %s', '{"data":{"id":4,"token":"OTZmYWQwOTQtMjI5OS00ODYzLWI4NTYtYzVkMWEzMjQ3M2Y5","creationDate":"2026-09-06T20:02:19.058+00:00","terminalDate":"2026-09-07T20:02:19.058+00:00","remainingUsages":-1,"type":"UnifiedLoginToken","description":"2026-09-06 17:02:15","username":"admin","_href":"https://ssc.fortifynacho.com.ar:8443/ssc/api/v1/tokens/4"},"responseCode":201}')
2026-09-06 17:02:19,091 - INFO - UnifiedLoginToken was successfully created: OTZmYWQwOTQtMjI5OS00ODYzLWI4NTYtYzVkMWEzMjQ3M2Y5
2026-09-06 17:02:19,091 - INFO - Adding the LDAP Entites on Fortify SSC
2026-09-06 17:02:19,209 - ERROR - API Request has failed!
2026-09-06 17:02:19,211 - ERROR - Failed to create the entity 'iperez' with the type 'USER'
2026-09-06 17:02:19,289 - ERROR - API Request has failed!
2026-09-06 17:02:19,290 - ERROR - Failed to create the entity 'azuredevopsuser' with the type 'USER'
2026-09-06 17:02:19,388 - ERROR - API Request has failed!
2026-09-06 17:02:19,389 - ERROR - Failed to create the entity 'jenkinsuser' with the type 'USER'
2026-09-06 17:02:19,479 - ERROR - API Request has failed!
2026-09-06 17:02:19,481 - ERROR - Failed to create the entity 'gitlabsuser' with the type 'USER'
2026-09-06 17:02:19,764 - ERROR - API Request has failed!
2026-09-06 17:02:19,766 - ERROR - Failed to create the entity 'githubactionsuser' with the type 'USER'
2026-09-06 17:02:19,875 - ERROR - API Request has failed!
2026-09-06 17:02:19,876 - ERROR - Failed to create the entity 'bitbucketuser' with the type 'USER'
2026-09-06 17:02:19,987 - ERROR - API Request has failed!
2026-09-06 17:02:19,990 - ERROR - Failed to create the entity 'bamboouser' with the type 'USER'
2026-09-06 17:02:20,092 - ERROR - API Request has failed!
2026-09-06 17:02:20,093 - ERROR - Failed to create the entity 'support' with the type 'GROUP'
2026-09-06 17:02:20,168 - ERROR - API Request has failed!
2026-09-06 17:02:20,168 - ERROR - Failed to create the entity 'service' with the type 'GROUP'
2026-09-06 17:02:20,168 - INFO - Deleting the token created before
2026-09-06 17:02:23,588 - INFO - API Request was successfull!
2026-09-06 17:02:23,589 - INFO - ('Result from the token deletion query: %s', '{"responseCode":200}')
2026-09-06 17:02:23,589 - INFO - The token with ID '4' was successfully deleted!
2026-09-06 17:09:56,418 - INFO - Starting the Script
2026-09-06 17:09:56,418 - INFO - Creating a Token for Adding the LDAP Entities on Fortify SSC
2026-09-06 17:09:59,903 - INFO - API Request was successfull!
2026-09-06 17:09:59,906 - INFO - ('Result from the token creation query: %s', '{"data":{"id":5,"token":"NWNiMjU4OWQtNDY0OS00MzRhLTlmOTAtYTA4OTZkNDliZDE0","creationDate":"2026-09-06T20:09:59.872+00:00","terminalDate":"2026-09-07T20:09:59.872+00:00","remainingUsages":-1,"type":"UnifiedLoginToken","description":"2026-09-06 17:09:56","username":"admin","_href":"https://ssc.fortifynacho.com.ar:8443/ssc/api/v1/tokens/5"},"responseCode":201}')
2026-09-06 17:09:59,906 - INFO - UnifiedLoginToken was successfully created: NWNiMjU4OWQtNDY0OS00MzRhLTlmOTAtYTA4OTZkNDliZDE0
2026-09-06 17:09:59,907 - INFO - Adding the LDAP Entites on Fortify SSC
2026-09-06 17:10:00,049 - ERROR - API Request has failed!
2026-09-06 17:10:00,050 - ERROR - Failed to create the entity 'iperez' with the type 'USER'
2026-09-06 17:10:00,153 - ERROR - API Request has failed!
2026-09-06 17:10:00,154 - ERROR - Failed to create the entity 'azuredevopsuser' with the type 'USER'
2026-09-06 17:10:00,275 - ERROR - API Request has failed!
2026-09-06 17:10:00,276 - ERROR - Failed to create the entity 'jenkinsuser' with the type 'USER'
2026-09-06 17:10:00,389 - ERROR - API Request has failed!
2026-09-06 17:10:00,390 - ERROR - Failed to create the entity 'gitlabsuser' with the type 'USER'
2026-09-06 17:10:00,496 - ERROR - API Request has failed!
2026-09-06 17:10:00,496 - ERROR - Failed to create the entity 'githubactionsuser' with the type 'USER'
2026-09-06 17:10:00,604 - ERROR - API Request has failed!
2026-09-06 17:10:00,604 - ERROR - Failed to create the entity 'bitbucketuser' with the type 'USER'
2026-09-06 17:10:00,703 - ERROR - API Request has failed!
2026-09-06 17:10:00,704 - ERROR - Failed to create the entity 'bamboouser' with the type 'USER'
2026-09-06 17:10:00,809 - ERROR - API Request has failed!
2026-09-06 17:10:00,810 - ERROR - Failed to create the entity 'support' with the type 'GROUP'
2026-09-06 17:10:00,926 - ERROR - API Request has failed!
2026-09-06 17:10:00,928 - ERROR - Failed to create the entity 'service' with the type 'GROUP'
2026-09-06 17:10:00,928 - INFO - Deleting the token created before
2026-09-06 17:10:04,380 - INFO - API Request was successfull!
2026-09-06 17:10:04,381 - INFO - ('Result from the token deletion query: %s', '{"responseCode":200}')
2026-09-06 17:10:04,382 - INFO - The token with ID '5' was successfully deleted!
2026-09-06 18:32:44,130 - INFO - Starting the Script
2026-09-06 18:32:44,130 - INFO - Creating a Token for Adding the LDAP Entities on Fortify SSC
2026-09-06 18:32:47,799 - INFO - API Request was successfull!
2026-09-06 18:32:47,801 - INFO - ('Result from the token creation query: %s', '{"data":{"id":6,"token":"OWQ1MjRhNjAtYjk4Ni00NGJjLTk4ZWMtNWM2NDA4ZmFjYzVj","creationDate":"2026-09-06T21:32:47.752+00:00","terminalDate":"2026-09-07T21:32:47.752+00:00","remainingUsages":-1,"type":"UnifiedLoginToken","description":"2026-09-06 18:32:44","username":"admin","_href":"https://ssc.fortifynacho.com.ar:8443/ssc/api/v1/tokens/6"},"responseCode":201}')
2026-09-06 18:32:47,801 - INFO - UnifiedLoginToken was successfully created: OWQ1MjRhNjAtYjk4Ni00NGJjLTk4ZWMtNWM2NDA4ZmFjYzVj
2026-09-06 18:32:47,802 - INFO - Adding the LDAP Entites on Fortify SSC
2026-09-06 18:32:47,942 - ERROR - API Request has failed!
2026-09-06 18:32:47,944 - ERROR - Failed to create the entity 'iperez' with the type 'USER'
2026-09-06 18:32:48,066 - ERROR - API Request has failed!
2026-09-06 18:32:48,067 - ERROR - Failed to create the entity 'azuredevopsuser' with the type 'USER'
2026-09-06 18:32:48,159 - ERROR - API Request has failed!
2026-09-06 18:32:48,161 - ERROR - Failed to create the entity 'jenkinsuser' with the type 'USER'
2026-09-06 18:32:48,267 - ERROR - API Request has failed!
2026-09-06 18:32:48,268 - ERROR - Failed to create the entity 'gitlabsuser' with the type 'USER'
2026-09-06 18:32:48,388 - ERROR - API Request has failed!
2026-09-06 18:32:48,389 - ERROR - Failed to create the entity 'githubactionsuser' with the type 'USER'
2026-09-06 18:32:48,502 - ERROR - API Request has failed!
2026-09-06 18:32:48,503 - ERROR - Failed to create the entity 'bitbucketuser' with the type 'USER'
2026-09-06 18:32:48,616 - ERROR - API Request has failed!
2026-09-06 18:32:48,619 - ERROR - Failed to create the entity 'bamboouser' with the type 'USER'
2026-09-06 18:32:48,727 - ERROR - API Request has failed!
2026-09-06 18:32:48,728 - ERROR - Failed to create the entity 'support' with the type 'GROUP'
2026-09-06 18:32:48,836 - ERROR - API Request has failed!
2026-09-06 18:32:48,837 - ERROR - Failed to create the entity 'service' with the type 'GROUP'
2026-09-06 18:32:48,838 - INFO - Deleting the token created before
2026-09-06 18:32:52,349 - INFO - API Request was successfull!
2026-09-06 18:32:52,351 - INFO - ('Result from the token deletion query: %s', '{"responseCode":200}')
2026-09-06 18:32:52,351 - INFO - The token with ID '6' was successfully deleted!
2026-09-06 19:11:11,656 - INFO - Starting the Script
2026-09-06 19:11:11,657 - INFO - Creating a Token for Adding the LDAP Entities on Fortify SSC
2026-09-06 19:11:15,127 - INFO - API Request was successfull!
2026-09-06 19:11:15,128 - INFO - ('Result from the token creation query: %s', '{"data":{"id":7,"token":"NzI0NzhjYTktNTM0MS00OWIzLWExYzctMDcyMGY3NDQ4YTQw","creationDate":"2026-09-06T22:11:15.092+00:00","terminalDate":"2026-09-07T22:11:15.092+00:00","remainingUsages":-1,"type":"UnifiedLoginToken","description":"2026-09-06 19:11:11","username":"admin","_href":"https://ssc.fortifynacho.com.ar:8443/ssc/api/v1/tokens/7"},"responseCode":201}')
2026-09-06 19:11:15,129 - INFO - UnifiedLoginToken was successfully created: NzI0NzhjYTktNTM0MS00OWIzLWExYzctMDcyMGY3NDQ4YTQw
2026-09-06 19:11:15,129 - INFO - Adding the LDAP Entites on Fortify SSC
2026-09-06 19:11:15,253 - ERROR - API Request has failed!
2026-09-06 19:11:15,255 - ERROR - Failed to create the entity 'iperez' with the type 'USER'
2026-09-06 19:11:15,349 - ERROR - API Request has failed!
2026-09-06 19:11:15,350 - ERROR - Failed to create the entity 'azuredevopsuser' with the type 'USER'
2026-09-06 19:11:15,436 - ERROR - API Request has failed!
2026-09-06 19:11:15,437 - ERROR - Failed to create the entity 'jenkinsuser' with the type 'USER'
2026-09-06 19:11:15,495 - ERROR - API Request has failed!
2026-09-06 19:11:15,496 - ERROR - Failed to create the entity 'gitlabsuser' with the type 'USER'
2026-09-06 19:11:15,574 - ERROR - API Request has failed!
2026-09-06 19:11:15,576 - ERROR - Failed to create the entity 'githubactionsuser' with the type 'USER'
2026-09-06 19:11:15,666 - ERROR - API Request has failed!
2026-09-06 19:11:15,667 - ERROR - Failed to create the entity 'bitbucketuser' with the type 'USER'
2026-09-06 19:11:15,768 - ERROR - API Request has failed!
2026-09-06 19:11:15,769 - ERROR - Failed to create the entity 'bamboouser' with the type 'USER'
2026-09-06 19:11:15,865 - ERROR - API Request has failed!
2026-09-06 19:11:15,867 - ERROR - Failed to create the entity 'support' with the type 'GROUP'
2026-09-06 19:11:15,952 - ERROR - API Request has failed!
2026-09-06 19:11:15,954 - ERROR - Failed to create the entity 'service' with the type 'GROUP'
2026-09-06 19:11:15,954 - INFO - Deleting the token created before
2026-09-06 19:11:19,329 - INFO - API Request was successfull!
2026-09-06 19:11:19,330 - INFO - ('Result from the token deletion query: %s', '{"responseCode":200}')
2026-09-06 19:11:19,330 - INFO - The token with ID '7' was successfully deleted!
2026-09-06 19:38:13,780 - INFO - Starting the Script
2026-09-06 19:38:13,783 - INFO - Creating a Token for Adding the LDAP Entities on Fortify SSC
2026-09-06 19:38:17,293 - INFO - API Request was successfull!
2026-09-06 19:38:17,294 - INFO - ('Result from the token creation query: %s', '{"data":{"id":8,"token":"ZmE2ZWEyNGYtMDViZS00MGMwLWJmZjAtYzgzYTZmNWUwMmMz","creationDate":"2026-09-06T22:38:17.256+00:00","terminalDate":"2026-09-07T22:38:17.256+00:00","remainingUsages":-1,"type":"UnifiedLoginToken","description":"2026-09-06 19:38:13","username":"admin","_href":"https://ssc.fortifynacho.com.ar:8443/ssc/api/v1/tokens/8"},"responseCode":201}')
2026-09-06 19:38:17,294 - INFO - UnifiedLoginToken was successfully created: ZmE2ZWEyNGYtMDViZS00MGMwLWJmZjAtYzgzYTZmNWUwMmMz
2026-09-06 19:38:17,295 - INFO - Adding the LDAP Entites on Fortify SSC
2026-09-06 19:38:17,426 - ERROR - API Request has failed!
2026-09-06 19:38:17,429 - ERROR - Failed to create the entity 'iperez' with the type 'USER'
2026-09-06 19:38:17,528 - ERROR - API Request has failed!
2026-09-06 19:38:17,529 - ERROR - Failed to create the entity 'azuredevopsuser' with the type 'USER'
2026-09-06 19:38:17,618 - ERROR - API Request has failed!
2026-09-06 19:38:17,619 - ERROR - Failed to create the entity 'jenkinsuser' with the type 'USER'
2026-09-06 19:38:17,702 - ERROR - API Request has failed!
2026-09-06 19:38:17,703 - ERROR - Failed to create the entity 'gitlabsuser' with the type 'USER'
2026-09-06 19:38:17,795 - ERROR - API Request has failed!
2026-09-06 19:38:17,796 - ERROR - Failed to create the entity 'githubactionsuser' with the type 'USER'
2026-09-06 19:38:17,897 - ERROR - API Request has failed!
2026-09-06 19:38:17,898 - ERROR - Failed to create the entity 'bitbucketuser' with the type 'USER'
2026-09-06 19:38:17,976 - ERROR - API Request has failed!
2026-09-06 19:38:17,978 - ERROR - Failed to create the entity 'bamboouser' with the type 'USER'
2026-09-06 19:38:18,085 - ERROR - API Request has failed!
2026-09-06 19:38:18,087 - ERROR - Failed to create the entity 'support' with the type 'GROUP'
2026-09-06 19:38:18,179 - ERROR - API Request has failed!
2026-09-06 19:38:18,181 - ERROR - Failed to create the entity 'service' with the type 'GROUP'
2026-09-06 19:38:18,181 - INFO - Deleting the token created before
2026-09-06 19:38:21,624 - INFO - API Request was successfull!
2026-09-06 19:38:21,626 - INFO - ('Result from the token deletion query: %s', '{"responseCode":200}')
2026-09-06 19:38:21,627 - INFO - The token with ID '8' was successfully deleted!
2026-09-06 19:51:24,932 - INFO - Starting the Script
2026-09-06 19:51:24,933 - INFO - Creating a Token for Adding the LDAP Entities on Fortify SSC
2026-09-06 19:51:28,401 - INFO - API Request was successfull!
2026-09-06 19:51:28,402 - INFO - ('Result from the token creation query: %s', '{"data":{"id":9,"token":"MmVmZTEyY2EtZmE1Ny00ZWZlLWI3ODEtODlmZTEyMjEzMjFm","creationDate":"2026-09-06T22:51:28.377+00:00","terminalDate":"2026-09-07T22:51:28.377+00:00","remainingUsages":-1,"type":"UnifiedLoginToken","description":"2026-09-06 19:51:24","username":"admin","_href":"https://ssc.fortifynacho.com.ar:8443/ssc/api/v1/tokens/9"},"responseCode":201}')
2026-09-06 19:51:28,402 - INFO - UnifiedLoginToken was successfully created: MmVmZTEyY2EtZmE1Ny00ZWZlLWI3ODEtODlmZTEyMjEzMjFm
2026-09-06 19:51:28,402 - INFO - Adding the LDAP Entites on Fortify SSC
2026-09-06 19:54:06,468 - INFO - Starting the Script
2026-09-06 19:54:06,469 - INFO - Creating a Token for Adding the LDAP Entities on Fortify SSC
2026-09-06 19:54:09,830 - INFO - API Request was successfull!
2026-09-06 19:54:09,830 - INFO - ('Result from the token creation query: %s', '{"data":{"id":10,"token":"ZWQyMGE1OGYtNzE0Yi00NmUxLWIzODItNzg4NjhiZjZlMTcz","creationDate":"2026-09-06T22:54:09.812+00:00","terminalDate":"2026-09-07T22:54:09.812+00:00","remainingUsages":-1,"type":"UnifiedLoginToken","description":"2026-09-06 19:54:06","username":"admin","_href":"https://ssc.fortifynacho.com.ar:8443/ssc/api/v1/tokens/10"},"responseCode":201}')
2026-09-06 19:54:09,830 - INFO - UnifiedLoginToken was successfully created: ZWQyMGE1OGYtNzE0Yi00NmUxLWIzODItNzg4NjhiZjZlMTcz
2026-09-06 19:54:09,831 - INFO - Adding the LDAP Entites on Fortify SSC
2026-09-06 19:54:09,906 - ERROR - API Request has failed!
2026-09-06 19:54:09,908 - ERROR - Failed to create the entity 'iperez' with the type 'USER'
2026-09-06 19:54:09,968 - ERROR - API Request has failed!
2026-09-06 19:54:09,968 - ERROR - Failed to create the entity 'azuredevopsuser' with the type 'USER'
2026-09-06 19:54:10,028 - ERROR - API Request has failed!
2026-09-06 19:54:10,028 - ERROR - Failed to create the entity 'jenkinsuser' with the type 'USER'
2026-09-06 19:54:10,097 - ERROR - API Request has failed!
2026-09-06 19:54:10,098 - ERROR - Failed to create the entity 'gitlabsuser' with the type 'USER'
2026-09-06 19:54:10,176 - ERROR - API Request has failed!
2026-09-06 19:54:10,177 - ERROR - Failed to create the entity 'githubactionsuser' with the type 'USER'
2026-09-06 19:54:10,265 - ERROR - API Request has failed!
2026-09-06 19:54:10,266 - ERROR - Failed to create the entity 'bitbucketuser' with the type 'USER'
2026-09-06 19:54:10,369 - ERROR - API Request has failed!
2026-09-06 19:54:10,371 - ERROR - Failed to create the entity 'bamboouser' with the type 'USER'
2026-09-06 19:54:10,449 - ERROR - API Request has failed!
2026-09-06 19:54:10,450 - ERROR - Failed to create the entity 'support' with the type 'GROUP'
2026-09-06 19:54:10,532 - ERROR - API Request has failed!
2026-09-06 19:54:10,534 - ERROR - Failed to create the entity 'service' with the type 'GROUP'
2026-09-06 19:54:10,534 - INFO - Deleting the token created before
2026-09-06 19:54:13,989 - INFO - API Request was successfull!
2026-09-06 19:54:13,991 - INFO - ('Result from the token deletion query: %s', '{"responseCode":200}')
2026-09-06 19:54:13,991 - INFO - The token with ID '10' was successfully deleted!
2026-09-06 19:57:03,394 - INFO - Starting the Script
2026-09-06 19:57:03,394 - INFO - Creating a Token for Adding the LDAP Entities on Fortify SSC
2026-09-06 19:57:06,838 - INFO - API Request was successfull!
2026-09-06 19:57:06,840 - INFO - ('Result from the token creation query: %s', '{"data":{"id":11,"token":"MDEzZTdiNTctZTdhZi00MmI4LWFlNzUtMDM1NWUzMzdhMzcz","creationDate":"2026-09-06T22:57:06.809+00:00","terminalDate":"2026-09-07T22:57:06.809+00:00","remainingUsages":-1,"type":"UnifiedLoginToken","description":"2026-09-06 19:57:03","username":"admin","_href":"https://ssc.fortifynacho.com.ar:8443/ssc/api/v1/tokens/11"},"responseCode":201}')
2026-09-06 19:57:06,842 - INFO - UnifiedLoginToken was successfully created: MDEzZTdiNTctZTdhZi00MmI4LWFlNzUtMDM1NWUzMzdhMzcz
2026-09-06 19:57:06,842 - INFO - Adding the LDAP Entites on Fortify SSC
2026-09-06 19:57:06,974 - ERROR - API Request has failed!
2026-09-06 19:57:06,975 - ERROR - Failed to create the entity 'iperez' with the type 'USER'
2026-09-06 19:57:07,060 - ERROR - API Request has failed!
2026-09-06 19:57:07,061 - ERROR - Failed to create the entity 'azuredevopsuser' with the type 'USER'
2026-09-06 19:57:07,150 - ERROR - API Request has failed!
2026-09-06 19:57:07,150 - ERROR - Failed to create the entity 'jenkinsuser' with the type 'USER'
2026-09-06 19:57:07,233 - ERROR - API Request has failed!
2026-09-06 19:57:07,234 - ERROR - Failed to create the entity 'gitlabsuser' with the type 'USER'
2026-09-06 19:57:07,317 - ERROR - API Request has failed!
2026-09-06 19:57:07,318 - ERROR - Failed to create the entity 'githubactionsuser' with the type 'USER'
2026-09-06 19:57:07,408 - ERROR - API Request has failed!
2026-09-06 19:57:07,410 - ERROR - Failed to create the entity 'bitbucketuser' with the type 'USER'
2026-09-06 19:57:07,506 - ERROR - API Request has failed!
2026-09-06 19:57:07,507 - ERROR - Failed to create the entity 'bamboouser' with the type 'USER'
2026-09-06 19:57:07,600 - ERROR - API Request has failed!
2026-09-06 19:57:07,601 - ERROR - Failed to create the entity 'support' with the type 'GROUP'
2026-09-06 19:57:07,702 - ERROR - API Request has failed!
2026-09-06 19:57:07,702 - ERROR - Failed to create the entity 'service' with the type 'GROUP'
2026-09-06 19:57:07,703 - INFO - Deleting the token created before
2026-09-06 19:57:11,104 - INFO - API Request was successfull!
2026-09-06 19:57:11,105 - INFO - ('Result from the token deletion query: %s', '{"responseCode":200}')
2026-09-06 19:57:11,106 - INFO - The token with ID '11' was successfully deleted!
2026-09-06 20:00:30,352 - INFO - Starting the Script
2026-09-06 20:00:30,352 - INFO - Creating a Token for Adding the LDAP Entities on Fortify SSC
2026-09-06 20:00:33,804 - INFO - API Request was successfull!
2026-09-06 20:00:33,806 - INFO - ('Result from the token creation query: %s', '{"data":{"id":12,"token":"MzllZTQ4ZDAtMGQyOC00ZTA3LWEwODUtMzI4MmIxZWIyOGVm","creationDate":"2026-09-06T23:00:33.772+00:00","terminalDate":"2026-09-07T23:00:33.772+00:00","remainingUsages":-1,"type":"UnifiedLoginToken","description":"2026-09-06 20:00:30","username":"admin","_href":"https://ssc.fortifynacho.com.ar:8443/ssc/api/v1/tokens/12"},"responseCode":201}')
2026-09-06 20:00:33,806 - INFO - UnifiedLoginToken was successfully created: MzllZTQ4ZDAtMGQyOC00ZTA3LWEwODUtMzI4MmIxZWIyOGVm
2026-09-06 20:00:33,807 - INFO - Adding the LDAP Entites on Fortify SSC
2026-09-06 20:00:33,901 - ERROR - API Request has failed!
2026-09-06 20:00:33,902 - ERROR - Failed to create the entity 'iperez' with the type 'USER'
2026-09-06 20:00:33,998 - ERROR - API Request has failed!
2026-09-06 20:00:34,001 - ERROR - Failed to create the entity 'azuredevopsuser' with the type 'USER'
2026-09-06 20:00:34,081 - ERROR - API Request has failed!
2026-09-06 20:00:34,082 - ERROR - Failed to create the entity 'jenkinsuser' with the type 'USER'
2026-09-06 20:00:34,151 - ERROR - API Request has failed!
2026-09-06 20:00:34,152 - ERROR - Failed to create the entity 'gitlabsuser' with the type 'USER'
2026-09-06 20:00:34,232 - ERROR - API Request has failed!
2026-09-06 20:00:34,234 - ERROR - Failed to create the entity 'githubactionsuser' with the type 'USER'
2026-09-06 20:00:34,300 - ERROR - API Request has failed!
2026-09-06 20:00:34,301 - ERROR - Failed to create the entity 'bitbucketuser' with the type 'USER'
2026-09-06 20:00:34,398 - ERROR - API Request has failed!
2026-09-06 20:00:34,401 - ERROR - Failed to create the entity 'bamboouser' with the type 'USER'
2026-09-06 20:00:34,476 - ERROR - API Request has failed!
2026-09-06 20:00:34,478 - ERROR - Failed to create the entity 'support' with the type 'GROUP'
2026-09-06 20:00:34,565 - ERROR - API Request has failed!
2026-09-06 20:00:34,566 - ERROR - Failed to create the entity 'service' with the type 'GROUP'
2026-09-06 20:00:34,567 - INFO - Deleting the token created before
2026-09-06 20:00:38,008 - INFO - API Request was successfull!
2026-09-06 20:00:38,009 - INFO - ('Result from the token deletion query: %s', '{"responseCode":200}')
2026-09-06 20:00:38,009 - INFO - The token with ID '12' was successfully deleted!
2026-09-06 20:06:41,160 - INFO - Starting the Script
2026-09-06 20:06:41,161 - INFO - Creating a Token for Adding the LDAP Entities on Fortify SSC
2026-09-06 20:06:44,662 - INFO - API Request was successfull!
2026-09-06 20:06:44,664 - INFO - ('Result from the token creation query: %s', '{"data":{"id":13,"token":"ZTAwZjFjOWMtZmZiZS00MWJiLTkyZmMtOGVjZWFjN2RiYWE1","creationDate":"2026-09-06T23:06:44.629+00:00","terminalDate":"2026-09-07T23:06:44.629+00:00","remainingUsages":-1,"type":"UnifiedLoginToken","description":"2026-09-06 20:06:41","username":"admin","_href":"https://ssc.fortifynacho.com.ar:8443/ssc/api/v1/tokens/13"},"responseCode":201}')
2026-09-06 20:06:44,665 - INFO - UnifiedLoginToken was successfully created: ZTAwZjFjOWMtZmZiZS00MWJiLTkyZmMtOGVjZWFjN2RiYWE1
2026-09-06 20:06:44,665 - INFO - Adding the LDAP Entites on Fortify SSC
2026-09-06 20:06:44,780 - ERROR - API Request has failed!
2026-09-06 20:06:44,781 - ERROR - Failed to create the entity 'iperez' with the type 'USER'
2026-09-06 20:06:44,861 - ERROR - API Request has failed!
2026-09-06 20:06:44,863 - ERROR - Failed to create the entity 'azuredevopsuser' with the type 'USER'
2026-09-06 20:06:44,946 - ERROR - API Request has failed!
2026-09-06 20:06:44,947 - ERROR - Failed to create the entity 'jenkinsuser' with the type 'USER'
2026-09-06 20:06:45,023 - ERROR - API Request has failed!
2026-09-06 20:06:45,024 - ERROR - Failed to create the entity 'gitlabsuser' with the type 'USER'
2026-09-06 20:06:45,106 - ERROR - API Request has failed!
2026-09-06 20:06:45,107 - ERROR - Failed to create the entity 'githubactionsuser' with the type 'USER'
2026-09-06 20:06:45,189 - ERROR - API Request has failed!
2026-09-06 20:06:45,191 - ERROR - Failed to create the entity 'bitbucketuser' with the type 'USER'
2026-09-06 20:06:45,279 - ERROR - API Request has failed!
2026-09-06 20:06:45,281 - ERROR - Failed to create the entity 'bamboouser' with the type 'USER'
2026-09-06 20:06:45,362 - ERROR - API Request has failed!
2026-09-06 20:06:45,363 - ERROR - Failed to create the entity 'support' with the type 'GROUP'
2026-09-06 20:06:45,499 - ERROR - API Request has failed!
2026-09-06 20:06:45,500 - ERROR - Failed to create the entity 'service' with the type 'GROUP'
2026-09-06 20:06:45,500 - INFO - Deleting the token created before
2026-09-06 20:06:48,921 - INFO - API Request was successfull!
2026-09-06 20:06:48,922 - INFO - ('Result from the token deletion query: %s', '{"responseCode":200}')
2026-09-06 20:06:48,922 - INFO - The token with ID '13' was successfully deleted!
2026-09-06 20:07:03,820 - INFO - Starting the Script
2026-09-06 20:07:03,820 - INFO - Creating a Token for Adding the LDAP Entities on Fortify SSC
2026-09-06 20:07:07,245 - INFO - API Request was successfull!
2026-09-06 20:07:07,248 - INFO - ('Result from the token creation query: %s', '{"data":{"id":14,"token":"ZTc5ZjgyYzctM2ZiYS00ZjY0LWFkYzEtMWFlOGZlNTNlYWNh","creationDate":"2026-09-06T23:07:07.220+00:00","terminalDate":"2026-09-07T23:07:07.220+00:00","remainingUsages":-1,"type":"UnifiedLoginToken","description":"2026-09-06 20:07:03","username":"admin","_href":"https://ssc.fortifynacho.com.ar:8443/ssc/api/v1/tokens/14"},"responseCode":201}')
2026-09-06 20:07:07,249 - INFO - UnifiedLoginToken was successfully created: ZTc5ZjgyYzctM2ZiYS00ZjY0LWFkYzEtMWFlOGZlNTNlYWNh
2026-09-06 20:07:07,249 - INFO - Adding the LDAP Entites on Fortify SSC
2026-09-06 20:07:07,364 - ERROR - API Request has failed!
2026-09-06 20:07:07,366 - ERROR - Failed to create the entity 'iperez' with the type 'USER'
2026-09-06 20:07:07,459 - ERROR - API Request has failed!
2026-09-06 20:07:07,461 - ERROR - Failed to create the entity 'azuredevopsuser' with the type 'USER'
2026-09-06 20:07:07,553 - ERROR - API Request has failed!
2026-09-06 20:07:07,554 - ERROR - Failed to create the entity 'jenkinsuser' with the type 'USER'
2026-09-06 20:07:07,651 - ERROR - API Request has failed!
2026-09-06 20:07:07,652 - ERROR - Failed to create the entity 'gitlabsuser' with the type 'USER'
2026-09-06 20:07:07,731 - ERROR - API Request has failed!
2026-09-06 20:07:07,733 - ERROR - Failed to create the entity 'githubactionsuser' with the type 'USER'
2026-09-06 20:07:07,859 - ERROR - API Request has failed!
2026-09-06 20:07:07,860 - ERROR - Failed to create the entity 'bitbucketuser' with the type 'USER'
2026-09-06 20:07:07,920 - ERROR - API Request has failed!
2026-09-06 20:07:07,921 - ERROR - Failed to create the entity 'bamboouser' with the type 'USER'
2026-09-06 20:07:07,977 - ERROR - API Request has failed!
2026-09-06 20:07:07,978 - ERROR - Failed to create the entity 'support' with the type 'GROUP'
2026-09-06 20:07:08,056 - ERROR - API Request has failed!
2026-09-06 20:07:08,058 - ERROR - Failed to create the entity 'service' with the type 'GROUP'
2026-09-06 20:07:08,059 - INFO - Deleting the token created before
2026-09-06 20:07:11,476 - INFO - API Request was successfull!
2026-09-06 20:07:11,478 - INFO - ('Result from the token deletion query: %s', '{"responseCode":200}')
2026-09-06 20:07:11,478 - INFO - The token with ID '14' was successfully deleted!
2026-09-06 20:10:40,491 - INFO - Starting the Script
2026-09-06 20:10:40,491 - INFO - Creating a Token for Adding the LDAP Entities on Fortify SSC
2026-09-06 20:10:43,928 - INFO - API Request was successfull!
2026-09-06 20:10:43,930 - INFO - ('Result from the token creation query: %s', '{"data":{"id":15,"token":"YWMzZmU2ZjYtODkyYy00MjAyLWExZjUtZmIwNGFkN2Y5ZGE3","creationDate":"2026-09-06T23:10:43.893+00:00","terminalDate":"2026-09-07T23:10:43.893+00:00","remainingUsages":-1,"type":"UnifiedLoginToken","description":"2026-09-06 20:10:40","username":"admin","_href":"https://ssc.fortifynacho.com.ar:8443/ssc/api/v1/tokens/15"},"responseCode":201}')
2026-09-06 20:10:43,931 - INFO - UnifiedLoginToken was successfully created: YWMzZmU2ZjYtODkyYy00MjAyLWExZjUtZmIwNGFkN2Y5ZGE3
2026-09-06 20:10:43,932 - INFO - Adding the LDAP Entites on Fortify SSC
2026-09-06 20:10:44,041 - ERROR - API Request has failed!
2026-09-06 20:10:44,043 - ERROR - Failed to create the entity 'iperez' with the type 'USER'
2026-09-06 20:10:44,141 - ERROR - API Request has failed!
2026-09-06 20:10:44,142 - ERROR - Failed to create the entity 'azuredevopsuser' with the type 'USER'
2026-09-06 20:10:44,239 - ERROR - API Request has failed!
2026-09-06 20:10:44,241 - ERROR - Failed to create the entity 'jenkinsuser' with the type 'USER'
2026-09-06 20:10:44,342 - ERROR - API Request has failed!
2026-09-06 20:10:44,343 - ERROR - Failed to create the entity 'gitlabsuser' with the type 'USER'
2026-09-06 20:10:44,425 - ERROR - API Request has failed!
2026-09-06 20:10:44,427 - ERROR - Failed to create the entity 'githubactionsuser' with the type 'USER'
2026-09-06 20:10:44,516 - ERROR - API Request has failed!
2026-09-06 20:10:44,517 - ERROR - Failed to create the entity 'bitbucketuser' with the type 'USER'
2026-09-06 20:10:44,595 - ERROR - API Request has failed!
2026-09-06 20:10:44,596 - ERROR - Failed to create the entity 'bamboouser' with the type 'USER'
2026-09-06 20:10:44,700 - ERROR - API Request has failed!
2026-09-06 20:10:44,701 - ERROR - Failed to create the entity 'support' with the type 'GROUP'
2026-09-06 20:10:44,790 - ERROR - API Request has failed!
2026-09-06 20:10:44,792 - ERROR - Failed to create the entity 'service' with the type 'GROUP'
2026-09-06 20:10:44,792 - INFO - Deleting the token created before
2026-09-06 20:10:48,237 - INFO - API Request was successfull!
2026-09-06 20:10:48,238 - INFO - ('Result from the token deletion query: %s', '{"responseCode":200}')
2026-09-06 20:10:48,239 - INFO - The token with ID '15' was successfully deleted!
2026-09-06 20:19:38,209 - INFO - Starting the Script
2026-09-06 20:19:38,210 - INFO - Creating a Token for Adding the LDAP Entities on Fortify SSC
2026-09-06 20:19:41,669 - INFO - API Request was successfull!
2026-09-06 20:19:41,671 - INFO - ('Result from the token creation query: %s', '{"data":{"id":16,"token":"MDAwNGQxYWUtNjFjMy00NmVmLTg4YTQtMzI4OTM0ZGU5ZmU2","creationDate":"2026-09-06T23:19:41.638+00:00","terminalDate":"2026-09-07T23:19:41.638+00:00","remainingUsages":-1,"type":"UnifiedLoginToken","description":"2026-09-06 20:19:38","username":"admin","_href":"https://ssc.fortifynacho.com.ar:8443/ssc/api/v1/tokens/16"},"responseCode":201}')
2026-09-06 20:19:41,671 - INFO - UnifiedLoginToken was successfully created: MDAwNGQxYWUtNjFjMy00NmVmLTg4YTQtMzI4OTM0ZGU5ZmU2
2026-09-06 20:19:41,672 - INFO - Adding the LDAP Entites on Fortify SSC
2026-09-06 20:19:41,790 - ERROR - API Request has failed!
2026-09-06 20:19:41,793 - ERROR - Failed to create the entity 'iperez' with the type 'USER'
2026-09-06 20:19:41,873 - ERROR - API Request has failed!
2026-09-06 20:19:41,875 - ERROR - Failed to create the entity 'azuredevopsuser' with the type 'USER'
2026-09-06 20:19:41,949 - ERROR - API Request has failed!
2026-09-06 20:19:41,949 - ERROR - Failed to create the entity 'jenkinsuser' with the type 'USER'
2026-09-06 20:19:42,006 - ERROR - API Request has failed!
2026-09-06 20:19:42,007 - ERROR - Failed to create the entity 'gitlabsuser' with the type 'USER'
2026-09-06 20:19:42,076 - ERROR - API Request has failed!
2026-09-06 20:19:42,077 - ERROR - Failed to create the entity 'githubactionsuser' with the type 'USER'
2026-09-06 20:19:42,143 - ERROR - API Request has failed!
2026-09-06 20:19:42,144 - ERROR - Failed to create the entity 'bitbucketuser' with the type 'USER'
2026-09-06 20:19:42,216 - ERROR - API Request has failed!
2026-09-06 20:19:42,218 - ERROR - Failed to create the entity 'bamboouser' with the type 'USER'
2026-09-06 20:19:42,278 - ERROR - API Request has failed!
2026-09-06 20:19:42,279 - ERROR - Failed to create the entity 'support' with the type 'GROUP'
2026-09-06 20:19:42,340 - ERROR - API Request has failed!
2026-09-06 20:19:42,341 - ERROR - Failed to create the entity 'service' with the type 'GROUP'
2026-09-06 20:19:42,341 - INFO - Deleting the token created before
2026-09-06 20:19:45,687 - INFO - API Request was successfull!
2026-09-06 20:19:45,688 - INFO - ('Result from the token deletion query: %s', '{"responseCode":200}')
2026-09-06 20:19:45,689 - INFO - The token with ID '16' was successfully deleted!
2026-09-06 20:23:58,536 - INFO - Starting the Script
2026-09-06 20:23:58,537 - INFO - Creating a Token for Adding the LDAP Entities on Fortify SSC
2026-09-06 20:24:01,930 - INFO - API Request was successfull!
2026-09-06 20:24:01,931 - INFO - ('Result from the token creation query: %s', '{"data":{"id":17,"token":"MTRkZmVkZmQtN2UyNy00NmZkLTgxMmUtZTNjMzAzMmRjZmZh","creationDate":"2026-09-06T23:24:01.911+00:00","terminalDate":"2026-09-07T23:24:01.911+00:00","remainingUsages":-1,"type":"UnifiedLoginToken","description":"2026-09-06 20:23:58","username":"admin","_href":"https://ssc.fortifynacho.com.ar:8443/ssc/api/v1/tokens/17"},"responseCode":201}')
2026-09-06 20:24:01,931 - INFO - UnifiedLoginToken was successfully created: MTRkZmVkZmQtN2UyNy00NmZkLTgxMmUtZTNjMzAzMmRjZmZh
2026-09-06 20:24:01,931 - INFO - Adding the LDAP Entites on Fortify SSC
2026-09-06 20:24:02,004 - ERROR - API Request has failed!
2026-09-06 20:24:02,005 - ERROR - Failed to create the entity 'iperez' with the type 'USER'
2026-09-06 20:24:02,063 - ERROR - API Request has failed!
2026-09-06 20:24:02,064 - ERROR - Failed to create the entity 'azuredevopsuser' with the type 'USER'
2026-09-06 20:24:02,121 - ERROR - API Request has failed!
2026-09-06 20:24:02,123 - ERROR - Failed to create the entity 'jenkinsuser' with the type 'USER'
2026-09-06 20:24:02,187 - ERROR - API Request has failed!
2026-09-06 20:24:02,189 - ERROR - Failed to create the entity 'gitlabsuser' with the type 'USER'
2026-09-06 20:24:02,259 - ERROR - API Request has failed!
2026-09-06 20:24:02,260 - ERROR - Failed to create the entity 'githubactionsuser' with the type 'USER'
2026-09-06 20:24:02,317 - ERROR - API Request has failed!
2026-09-06 20:24:02,319 - ERROR - Failed to create the entity 'bitbucketuser' with the type 'USER'
2026-09-06 20:24:02,384 - ERROR - API Request has failed!
2026-09-06 20:24:02,385 - ERROR - Failed to create the entity 'bamboouser' with the type 'USER'
2026-09-06 20:24:02,435 - ERROR - API Request has failed!
2026-09-06 20:24:02,436 - ERROR - Failed to create the entity 'support' with the type 'GROUP'
2026-09-06 20:24:02,495 - ERROR - API Request has failed!
2026-09-06 20:24:02,496 - ERROR - Failed to create the entity 'service' with the type 'GROUP'
2026-09-06 20:24:02,496 - INFO - Deleting the token created before
2026-09-06 20:24:05,845 - INFO - API Request was successfull!
2026-09-06 20:24:05,847 - INFO - ('Result from the token deletion query: %s', '{"responseCode":200}')
2026-09-06 20:24:05,847 - INFO - The token with ID '17' was successfully deleted!
2026-09-06 20:36:48,298 - INFO - Starting the Script
2026-09-06 20:36:48,299 - INFO - Creating a Token for Adding the LDAP Entities on Fortify SSC
2026-09-06 20:36:51,877 - INFO - API Request was successfull!
2026-09-06 20:36:51,879 - INFO - ('Result from the token creation query: %s', '{"data":{"id":18,"token":"MGEwOTViMTMtOTg5YS00MTY3LWFjZWYtZDE5ODRmZmUxNDU5","creationDate":"2026-09-06T23:36:51.845+00:00","terminalDate":"2026-09-07T23:36:51.846+00:00","remainingUsages":-1,"type":"UnifiedLoginToken","description":"2026-09-06 20:36:48","username":"admin","_href":"https://ssc.fortifynacho.com.ar:8443/ssc/api/v1/tokens/18"},"responseCode":201}')
2026-09-06 20:36:51,880 - INFO - UnifiedLoginToken was successfully created: MGEwOTViMTMtOTg5YS00MTY3LWFjZWYtZDE5ODRmZmUxNDU5
2026-09-06 20:36:51,880 - INFO - Adding the LDAP Entites on Fortify SSC
2026-09-06 20:36:52,099 - INFO - API Request was successful!
2026-09-06 20:36:52,102 - INFO - ('Result from the Aggregation of the LDAP Entity query: %s', '{"data":{"id":3,"ldapType":"USER","name":"iperez","distinguishedName":"cn=iperez,o=optima","firstName":"Ignacio","lastName":"Perez Civeira","email":"iperez@ot-latam.com","roles":[{"id":"admin","name":"Administrator","description":"Users in the Administrator role have permission to perform all actions in the system, and automatically have access to all application versions. This role is to be used for system administrators.","builtIn":true,"allApplicationRole":true,"deletable":false,"assignedToNonUsers":false,"publishVersion":4,"objectVersion":1,"permissionIds":[],"default":false}],"userPhoto":null,"_href":"https://ssc.fortifynacho.com.ar:8443/ssc/api/v1/ldapObjects/3"},"responseCode":201}')
2026-09-06 20:36:52,492 - INFO - API Request was successful!
2026-09-06 20:36:52,494 - INFO - ('Result from the Aggregation of the LDAP Entity query: %s', '{"data":{"id":4,"ldapType":"USER","name":"azuredevopsuser","distinguishedName":"cn=azuredevopsuser,o=optima","firstName":"AzureDevOps","lastName":"Service User","email":"iperez@ot-latam.com","roles":[{"id":"developer","name":"Developer","description":"Users in the Developer role can upload analysis results and view and audit issues for application versions to which they have access.","builtIn":true,"allApplicationRole":false,"deletable":false,"assignedToNonUsers":false,"publishVersion":6,"objectVersion":1,"permissionIds":[],"default":false}],"userPhoto":null,"_href":"https://ssc.fortifynacho.com.ar:8443/ssc/api/v1/ldapObjects/4"},"responseCode":201}')
2026-09-06 20:36:52,762 - INFO - API Request was successful!
2026-09-06 20:36:52,763 - INFO - ('Result from the Aggregation of the LDAP Entity query: %s', '{"data":{"id":5,"ldapType":"USER","name":"jenkinsuser","distinguishedName":"cn=jenkinsuser,o=optima","firstName":"Jenkins","lastName":"Service User","email":"iperez@ot-latam.com","roles":[{"id":"developer","name":"Developer","description":"Users in the Developer role can upload analysis results and view and audit issues for application versions to which they have access.","builtIn":true,"allApplicationRole":false,"deletable":false,"assignedToNonUsers":false,"publishVersion":6,"objectVersion":1,"permissionIds":[],"default":false}],"userPhoto":null,"_href":"https://ssc.fortifynacho.com.ar:8443/ssc/api/v1/ldapObjects/5"},"responseCode":201}')
2026-09-06 20:36:53,011 - INFO - API Request was successful!
2026-09-06 20:36:53,013 - INFO - ('Result from the Aggregation of the LDAP Entity query: %s', '{"data":{"id":6,"ldapType":"USER","name":"gitlabsuser","distinguishedName":"cn=gitlabsuser,o=optima","firstName":"GitLab","lastName":"Service User","email":"iperez@ot-latam.com","roles":[{"id":"developer","name":"Developer","description":"Users in the Developer role can upload analysis results and view and audit issues for application versions to which they have access.","builtIn":true,"allApplicationRole":false,"deletable":false,"assignedToNonUsers":false,"publishVersion":6,"objectVersion":1,"permissionIds":[],"default":false}],"userPhoto":null,"_href":"https://ssc.fortifynacho.com.ar:8443/ssc/api/v1/ldapObjects/6"},"responseCode":201}')
2026-09-06 20:36:53,224 - INFO - API Request was successful!
2026-09-06 20:36:53,224 - INFO - ('Result from the Aggregation of the LDAP Entity query: %s', '{"data":{"id":7,"ldapType":"USER","name":"githubactionsuser","distinguishedName":"cn=githubactionsuser,o=optima","firstName":"GitHub Actions","lastName":"Service User","email":"iperez@ot-latam.com","roles":[{"id":"developer","name":"Developer","description":"Users in the Developer role can upload analysis results and view and audit issues for application versions to which they have access.","builtIn":true,"allApplicationRole":false,"deletable":false,"assignedToNonUsers":false,"publishVersion":6,"objectVersion":1,"permissionIds":[],"default":false}],"userPhoto":null,"_href":"https://ssc.fortifynacho.com.ar:8443/ssc/api/v1/ldapObjects/7"},"responseCode":201}')
2026-09-06 20:36:53,465 - INFO - API Request was successful!
2026-09-06 20:36:53,466 - INFO - ('Result from the Aggregation of the LDAP Entity query: %s', '{"data":{"id":8,"ldapType":"USER","name":"bitbucketuser","distinguishedName":"cn=bitbucketuser,o=optima","firstName":"Bitbucket","lastName":"Service User","email":"iperez@ot-latam.com","roles":[{"id":"developer","name":"Developer","description":"Users in the Developer role can upload analysis results and view and audit issues for application versions to which they have access.","builtIn":true,"allApplicationRole":false,"deletable":false,"assignedToNonUsers":false,"publishVersion":6,"objectVersion":1,"permissionIds":[],"default":false}],"userPhoto":null,"_href":"https://ssc.fortifynacho.com.ar:8443/ssc/api/v1/ldapObjects/8"},"responseCode":201}')
2026-09-06 20:36:53,710 - INFO - API Request was successful!
2026-09-06 20:36:53,711 - INFO - ('Result from the Aggregation of the LDAP Entity query: %s', '{"data":{"id":9,"ldapType":"USER","name":"bamboouser","distinguishedName":"cn=bamboouser,o=optima","firstName":"Bamboo","lastName":"Service User","email":"iperez@ot-latam.com","roles":[{"id":"developer","name":"Developer","description":"Users in the Developer role can upload analysis results and view and audit issues for application versions to which they have access.","builtIn":true,"allApplicationRole":false,"deletable":false,"assignedToNonUsers":false,"publishVersion":6,"objectVersion":1,"permissionIds":[],"default":false}],"userPhoto":null,"_href":"https://ssc.fortifynacho.com.ar:8443/ssc/api/v1/ldapObjects/9"},"responseCode":201}')
2026-09-06 20:36:53,950 - INFO - API Request was successful!
2026-09-06 20:36:53,951 - INFO - ('Result from the Aggregation of the LDAP Entity query: %s', '{"data":{"id":10,"ldapType":"GROUP","name":"support","distinguishedName":"cn=support,o=optima","firstName":null,"lastName":null,"email":null,"roles":[{"id":"admin","name":"Administrator","description":"Users in the Administrator role have permission to perform all actions in the system, and automatically have access to all application versions. This role is to be used for system administrators.","builtIn":true,"allApplicationRole":true,"deletable":false,"assignedToNonUsers":false,"publishVersion":4,"objectVersion":1,"permissionIds":[],"default":false}],"userPhoto":null,"_href":"https://ssc.fortifynacho.com.ar:8443/ssc/api/v1/ldapObjects/10"},"responseCode":201}')
2026-09-06 20:36:54,145 - INFO - API Request was successful!
2026-09-06 20:36:54,146 - INFO - ('Result from the Aggregation of the LDAP Entity query: %s', '{"data":{"id":11,"ldapType":"GROUP","name":"service","distinguishedName":"cn=service,o=optima","firstName":null,"lastName":null,"email":null,"roles":[{"id":"developer","name":"Developer","description":"Users in the Developer role can upload analysis results and view and audit issues for application versions to which they have access.","builtIn":true,"allApplicationRole":false,"deletable":false,"assignedToNonUsers":false,"publishVersion":6,"objectVersion":1,"permissionIds":[],"default":false}],"userPhoto":null,"_href":"https://ssc.fortifynacho.com.ar:8443/ssc/api/v1/ldapObjects/11"},"responseCode":201}')
2026-09-06 20:36:54,146 - INFO - Deleting the token created before
2026-09-06 20:36:57,547 - INFO - API Request was successfull!
2026-09-06 20:36:57,549 - INFO - ('Result from the token deletion query: %s', '{"responseCode":200}')
2026-09-06 20:36:57,549 - INFO - The token with ID '18' was successfully deleted!
