2026-09-14 23:18:19,885 - INFO - Starting the Script
2026-09-14 23:18:19,886 - INFO - Creating a Token for the upload of Fortify Rulepacks files to Fortify SSC
2026-09-14 23:18:21,595 - INFO - API Request was successfull!
2026-09-14 23:18:21,597 - INFO - ('Result from the token creation query: %s', '{"data":{"id":1,"token":"MDY4YmMyNDItNmQyZC00OTJmLTkzZjItZjkyZmQyMjcyNzBk","creationDate":"2026-09-15T02:18:21.433+00:00","terminalDate":"2026-09-16T02:18:21.433+00:00","remainingUsages":-1,"type":"UnifiedLoginToken","description":"2026-09-14 23:18:19","username":"admin","_href":"https://ssc.fortifynacho.com.ar:8443/ssc/api/v1/tokens/1"},"responseCode":201}')
2026-09-14 23:18:21,597 - INFO - UnifiedLoginToken was successfully created: MDY4YmMyNDItNmQyZC00OTJmLTkzZjItZjkyZmQyMjcyNzBk
2026-09-14 23:18:21,598 - INFO - Uploading Fortify Rulepacks files to Fortify SSC
2026-09-14 23:18:21,600 - INFO - Scanning the directory: '/opt/OpenText_Application_Security/OpenText_Application_Security_Application_Files/26.2/rulepacks'
2026-09-14 23:18:21,601 - INFO - Uploading the rulepack file: 'SA_DOTNET_rulepack.zip'
2026-09-14 23:19:09,690 - INFO - API Request was successfull!
2026-09-14 23:19:09,692 - INFO - ('Result from the rulepack upload query: %s', '{"data":[{"code":-10000,"message":"The rulepack \\"Fortify Secure Coding Rules, Visual Studio Security Assistant\\" version 2026.2.0.0006 has been imported successfully.","rulepackResourceId":2},{"code":-10000,"message":"The rulepack \\"Fortify Secure Coding Rules, Visual Studio Security Assistant\\" version 2026.2.0.0006 has been imported successfully.","rulepackResourceId":3}],"responseCode":200}')
2026-09-14 23:19:09,692 - INFO - Successfully uploaded the rulepack file 'SA_DOTNET_rulepack.zip'
2026-09-14 23:22:09,744 - INFO - Uploading the rulepack file: 'SA_JAVA_rulepack.zip'
2026-09-14 23:26:37,585 - INFO - API Request was successfull!
2026-09-14 23:26:37,587 - INFO - ('Result from the rulepack upload query: %s', '{"data":[{"code":-10000,"message":"The rulepack \\"Fortify Secure Coding Rules, Security Assistant, Configuration\\" version 2026.2.0.0006 has been imported successfully.","rulepackResourceId":4},{"code":-10000,"message":"The rulepack \\"Fortify Secure Coding Rules, Security Assistant\\" version 2026.2.0.0006 has been imported successfully.","rulepackResourceId":5}],"responseCode":200}')
2026-09-14 23:26:37,588 - INFO - Successfully uploaded the rulepack file 'SA_JAVA_rulepack.zip'
2026-09-14 23:29:37,634 - INFO - Uploading the rulepack file: 'SCA_rulepack.zip'
2026-09-14 23:44:39,302 - ERROR - [ERROR] Request failed: HTTPSConnectionPool(host='ssc.fortifynacho.com.ar', port=8443): Read timed out. (read timeout=900)
2026-09-14 23:44:39,303 - INFO - Deleting the token created before
2026-09-14 23:44:40,010 - INFO - API Request was successfull!
2026-09-14 23:44:40,011 - INFO - ('Result from the token deletion query: %s', '{"responseCode":200}')
2026-09-14 23:44:40,011 - INFO - The token with ID '1' was successfully deleted!
2026-09-14 23:49:31,867 - INFO - Starting the Script
2026-09-14 23:49:31,868 - INFO - Creating a Token for the upload of Fortify Rulepacks files to Fortify SSC
2026-09-14 23:49:32,147 - INFO - API Request was successfull!
2026-09-14 23:49:32,149 - INFO - ('Result from the token creation query: %s', '{"data":{"id":2,"token":"OTY4NTRmYWQtN2RiYi00NmNiLThjNzctN2RhYWE1YzlmZjJi","creationDate":"2026-09-15T02:49:32.120+00:00","terminalDate":"2026-09-16T02:49:32.120+00:00","remainingUsages":-1,"type":"UnifiedLoginToken","description":"2026-09-14 23:49:31","username":"admin","_href":"https://ssc.fortifynacho.com.ar:8443/ssc/api/v1/tokens/2"},"responseCode":201}')
2026-09-14 23:49:32,149 - INFO - UnifiedLoginToken was successfully created: OTY4NTRmYWQtN2RiYi00NmNiLThjNzctN2RhYWE1YzlmZjJi
2026-09-14 23:49:32,149 - INFO - Uploading Fortify Rulepacks files to Fortify SSC
2026-09-14 23:49:32,149 - INFO - Scanning the directory: '/opt/OpenText_Application_Security/OpenText_Application_Security_Application_Files/26.2/rulepacks'
2026-09-14 23:49:32,150 - INFO - Uploading the rulepack file: 'SA_DOTNET_rulepack.zip'
2026-09-14 23:53:31,263 - INFO - API Request was successfull!
2026-09-14 23:53:31,264 - INFO - ('Result from the rulepack upload query: %s', '{"data":[{"code":-10000,"message":"The rulepack \\"Fortify Secure Coding Rules, Visual Studio Security Assistant\\" version 2026.2.0.0006 has been replaced.","rulepackResourceId":2},{"code":-10000,"message":"The rulepack \\"Fortify Secure Coding Rules, Visual Studio Security Assistant\\" version 2026.2.0.0006 has been replaced.","rulepackResourceId":3}],"responseCode":200}')
2026-09-14 23:53:31,264 - INFO - Successfully uploaded the rulepack file 'SA_DOTNET_rulepack.zip'
2026-09-14 23:56:31,359 - INFO - Uploading the rulepack file: 'SA_JAVA_rulepack.zip'
2026-09-14 23:59:05,131 - INFO - API Request was successfull!
2026-09-14 23:59:05,131 - INFO - ('Result from the rulepack upload query: %s', '{"data":[{"code":-10000,"message":"The rulepack \\"Fortify Secure Coding Rules, Security Assistant, Configuration\\" version 2026.2.0.0006 has been replaced.","rulepackResourceId":4},{"code":-10000,"message":"The rulepack \\"Fortify Secure Coding Rules, Security Assistant\\" version 2026.2.0.0006 has been replaced.","rulepackResourceId":5}],"responseCode":200}')
2026-09-14 23:59:05,131 - INFO - Successfully uploaded the rulepack file 'SA_JAVA_rulepack.zip'
